[
    {
        "all_day": true,
        "summary": "1 All Day, No Times, No Time Zone",
        "start": "2022-01-03",
        "end": "2022-01-04"
    },
    {
        "all_day": true,
        "summary": "2 All Day, Time, No Time Zone",
        "start": "2022-01-03",
        "end": "2022-01-04"
    },
    {
        "all_day": true,
        "summary": "3 All Day, No Times, TZID, current time zone",
        "start": "2022-01-03",
        "end": "2022-01-04"
    },
    {
        "all_day": true,
        "summary": "4 All Day, Time, TZID, current time zone",
        "start": "2022-01-03",
        "end": "2022-01-04"
    },
    {
        "all_day": false,
        "summary": "5 Not All Day, Time, TZID, not current time zone",
        "start": "2022-01-03T01:00:00-05:00",
        "end": "2022-01-04T01:00:00-05:00"
    },
    {
        "all_day": false,
        "summary": "6 Not All Day, Time, Zulu",
        "start": "2022-01-02T19:00:00-05:00",
        "end": "2022-01-03T19:00:00-05:00"
    },
    {
        "all_day": true,
        "summary": "7 All Day, 00:00:00 - 23:59:59, No Time Zone",
        "start": "2022-01-03",
        "end": "2022-01-04"
    },
    {
        "all_day": true,
        "summary": "8 All Day, No Time, No End, No Time Zone",
        "start": "2022-01-03",
        "end": "2022-01-04"
    },
    {
        "all_day": true,
        "summary": "9 All Day, Time, No End, No Time Zone",
        "start": "2022-01-03",
        "end": "2022-01-04"
    },
    {
        "all_day": false,
        "summary": "10 Not All Day, Time, TZID, 1pm - 2pm Chicago",
        "start": "2022-01-03T14:00:00-05:00",
        "end": "2022-01-03T15:00:00-05:00"
    },
    {
        "all_day": false,
        "summary": "11 Not All Day, Time, No Time Zone, 1pm - 2pm local time",
        "start": "2022-01-03T13:00:00-05:00",
        "end": "2022-01-03T14:00:00-05:00"
    }
]

