[
    {
        "all_day": true,
        "start": "2022-12-31",
        "end": "2023-01-01"
    }
]