[
    {
        "all_day": false,
        "summary": "Recycling Collection",
        "start": "2022-02-28T06:00:00-05:00",
        "end": "2022-02-28T06:00:00-05:00"
    }
]
