[
    {
        "all_day": false,
        "summary": "Recycling Collection",
        "start": "2022-03-14T06:00:00-04:00",
        "end": "2022-03-14T06:00:00-04:00"
    }
]
