[
    {
        "start": "2021-09-16",
        "end": "2021-09-17"
    }
]
