[
    {
        "start": "2021-09-16T17:00:00Z",
        "end": "2021-09-16T18:45:00Z"
    }
]
