[
    {
        "start": "2021-09-16T23:00:00Z",
        "end": "2021-09-17T00:45:00Z"
    }
]
